// Jest Snapshot v1, https://goo.gl/fbAQLP

exports[`Snapshot tests Get Started Renders correctly 1`] = `
<div
  class="started-test flex mx-auto border-secondary border-solid border-2 h-64 w-4/5 z-10 origin-center"
>
  <div
    class="wrapper w-full md:w-1/2 flex flex-col  mt-3 md:my-auto"
  >
    <div
      class="rounded-md shadow-md w-full my-2"
    >
      <input
        class="focus:outline-none focus:ring focus:border-danger block w-full sm:text-lg border-gray-300 rounded-sm font-primary h-8 pl-2"
        id=" From"
        placeholder=" From"
        type="text"
      />
    </div>
     
    <div
      class="rounded-md shadow-md w-full my-2"
    >
      <input
        class="focus:outline-none focus:ring focus:border-danger block w-full sm:text-lg border-gray-300 rounded-sm font-primary h-8 pl-2"
        id=" To"
        placeholder=" To"
        type="text"
      />
    </div>
     
    <button
      class="group transition duration-150 ease-in-out relative w-full mt-5 shadow-sm flex justify-center py-2 px-4 border border-transparent text-sm font-medium rounded-md text-white bg-secondary lg:hover:bg-secondary-hovered lg:active:bg-secondary-hovered focus:outline-none focus:ring-2 focus:ring-offset-2 focus:ring-indigo-500 ac"
      type="submit"
    >
      <span
        class="absolute left-0 inset-y-0 flex items-center pl-3"
      >
        <svg
          aria-hidden="true"
          class="h-5 w-5 text-white group-hover:text-white"
          fill="currentColor"
          viewBox="0 0 20 20"
          xmlns="http://www.w3.org/2000/svg"
        >
          <path
            clip-rule="evenodd"
            d="M5 9V7a5 5 0 0110 0v2a2 2 0 012 2v5a2 2 0 01-2 2H5a2 2 0 01-2-2v-5a2 2 0 012-2zm8-2v2H7V7a3 3 0 016 0z"
            fill-rule="evenodd"
          />
        </svg>
      </span>
      
      Find Response
    
    </button>
  </div>
</div>
`;

exports[`Snapshot tests Main Title Renders correctly 1`] = `
<span
  class="flex flex-col justify-center items-center mt-12"
>
  <span
    class="flex items-end"
  >
    <p
      class="title-test font-titles font-bold capitalize sm:text-lg md:text-2xl mr-1"
    >
      
      Kind responses for everybody
    
    </p>
     
    <svg
      class="icon-test stroke-current text-danger w-8"
      fill="currentColor"
      viewBox="0 0 20 20"
      xmlns="http://www.w3.org/2000/svg"
    >
      <path
        clip-rule="evenodd"
        d="M3.172 5.172a4 4 0 015.656 0L10 6.343l1.172-1.171a4 4 0 115.656 5.656L10 17.657l-6.828-6.829a4 4 0 010-5.656z"
        fill-rule="evenodd"
      />
    </svg>
  </span>
</span>
`;
