// Jest Snapshot v1, https://goo.gl/fbAQLP

exports[`Snapshot tests Get Started Renders correctly 1`] = `
<div
  class="started-test flex mx-auto bg-shade h-64 w-4/5 z-10 origin-center"
/>
`;

exports[`Snapshot tests Main Title Renders correctly 1`] = `
<span
  class="flex flex-col justify-center items-center mt-12"
>
  <span
    class="flex items-end"
  >
    <p
      class="title-test font-titles font-bold capitalize sm:text-lg md:text-2xl mr-1"
    >
      
      Kind responses for everybody
    
    </p>
     
    <svg
      class="icon-test stroke-current text-danger w-8"
      fill="currentColor"
      viewBox="0 0 20 20"
      xmlns="http://www.w3.org/2000/svg"
    >
      <path
        clip-rule="evenodd"
        d="M3.172 5.172a4 4 0 015.656 0L10 6.343l1.172-1.171a4 4 0 115.656 5.656L10 17.657l-6.828-6.829a4 4 0 010-5.656z"
        fill-rule="evenodd"
      />
    </svg>
  </span>
</span>
`;
